// Jest Snapshot v1, https://goo.gl/fbAQLP

exports[`App Component should render 1`] = `
<div
  className="body"
  onClick={[Function]}
>
  <div
    className="container"
  >
    <div
      className="price"
    >
       $19.99 
    </div>
    <div
      className="freeshipping"
    >
      &
       
      <b>
        FREE Shipping
      </b>
       
      on orders over $25 shipped by Amazon.
       
      <DetailsBox />
      <Dates />
    </div>
  </div>
</div>
`;
